no solution
no solution
301407747
531273023
519951768
no solution
413290964
no solution
533753943
528484701
532741897
no solution
504539986
no solution
no solution
375428178
402765192
491885401
no solution
529228786
no solution
no solution
276312888
527297506
518652053
no solution
310748190
531372038
-78745367
513094403
no solution
376777100
396192042
505655413
456913488
219718344
507507259
531384237
477793194
no solution
535705902
371389289
-403669895
no solution
no solution
457667465
533566135
536554670
534583698
no solution
