4
XX.X
...X
...X
X.XX
4
XX.X
..X.
...X
.XXX
4
XX..
XX.X
...X
.X..
4
X.XX
XX..
.X..
.X..
4
X.X.
.XX.
XXX.
...X
4
X...
X..X
.X.X
X.XX
4
X.X.
X.XX
.X.X
.X.X
4
.X.X
.XXX
XXX.
X...
4
X.X.
XX..
X.XX
..X.
4
.X.X
XX..
X.X.
XX..
4
..X.
X.X.
...X
X.XX
4
.XX.
.XXX
XX..
XX.X
4
..XX
XXX.
X..X
.X.X
4
..X.
.XXX
XX.X
.XX.
4
....
....
.XX.
XXXX
4
X.XX
.X.X
XX.X
XX..
4
.XX.
.X.X
X..X
X..X
4
XXXX
....
.X..
.X..
4
X.X.
XX.X
.X..
.X.X
4
X...
....
.XX.
XX..
4
XXX.
XX.X
...X
...X
4
.X..
.XXX
.XXX
.X..
4
..X.
..X.
X.XX
.XXX
4
X..X
..X.
X.XX
X.XX
4
XX.X
..XX
..XX
.X.X
4
X.XX
X...
X...
XXX.
4
XXX.
.X..
.XX.
XX.X
4
.XXX
..XX
XXX.
.XX.
4
.X..
...X
XXX.
XX.X
4
XXX.
X...
.XXX
X.XX
4
X.XX
XXX.
X.XX
XX.X
4
XXXX
X...
X.X.
..X.
4
.XXX
...X
...X
X.X.
4
.X..
...X
XX..
..X.
4
XXX.
X...
.XX.
X.XX
4
X...
..X.
.X.X
XX.X
4
.XX.
.XX.
.XX.
XX.X
4
...X
X...
XX..
...X
4
X.XX
....
..XX
XXX.
4
XXXX
X..X
.XX.
XXXX
4
.X.X
.XXX
..XX
.XX.
4
X...
X..X
XX.X
X.X.
4
X...
...X
.XX.
X...
4
.X.X
X..X
....
.XXX
4
.X..
X.XX
...X
...X
4
XXX.
.XX.
X..X
X...
4
.XX.
XX.X
...X
.X.X
4
...X
X..X
.XXX
.XXX
4
X..X
.X.X
...X
XX.X
4
..XX
....
X.XX
..X.
4
....
.XXX
..XX
XXX.
4
X..X
XX..
.XXX
...X
4
..XX
X.X.
...X
....
4
X..X
.XX.
XXX.
X...
4
X...
X...
XX..
....
4
....
XX..
X..X
...X
4
X.X.
.XXX
X.XX
.X.X
4
...X
X.XX
....
X...
4
XXX.
.XX.
X..X
.XXX
4
.X..
.XXX
....
XXXX
4
....
..X.
.XX.
XX.X
4
..XX
XX.X
X.X.
.X.X
4
.XXX
.X.X
.X..
.XX.
4
XX.X
.XX.
X.X.
...X
4
..X.
XX..
X..X
XXX.
4
X.XX
....
.XX.
XX..
4
.X..
..X.
...X
..XX
4
X.X.
XX..
..XX
X.X.
4
.XXX
X..X
XXX.
X...
4
XX.X
XX..
....
.X.X
4
...X
.XXX
XX..
..X.
4
XX..
X..X
.X..
.XX.
4
...X
..XX
..XX
X.X.
4
.XXX
X.X.
.X.X
X.X.
4
..X.
X.X.
X..X
..XX
4
.X.X
.XXX
..XX
.XX.
4
X..X
.X.X
...X
.X.X
4
.XXX
..XX
..X.
X..X
4
XX..
XXXX
XXX.
XXX.
4
..XX
.XXX
..XX
XXXX
4
XX..
X...
...X
XX.X
4
XX..
...X
..X.
XXX.
4
..XX
.X..
.X..
.X.X
4
XXXX
..X.
...X
X.XX
4
.X..
..X.
X..X
.X..
4
..X.
..XX
X...
XXXX
4
X...
XX.X
..XX
X.XX
4
..X.
..X.
XX..
....
4
X.XX
.XXX
..XX
X..X
4
XX..
X.X.
XXXX
XX..
4
.X..
XXXX
XXX.
XX..
4
.XX.
XX.X
...X
.XX.
4
XX.X
XXX.
XXX.
X..X
4
.XXX
XXX.
....
....
4
.X.X
.XX.
...X
....
4
XX.X
X.X.
XX.X
X...
4
XXXX
XX..
...X
X.X.
4
.XXX
...X
..XX
X.X.
4
XX.X
.X.X
XX..
.X..
4
XX..
....
..XX
..XX
4
....
XX.X
XXX.
X...
4
..X.
XXXX
X.XX
..X.
4
X.XX
XX.X
X.XX
X..X
4
XXX.
.XXX
...X
XXXX
4
XX..
XXX.
X.XX
X.X.
4
..X.
X.XX
X.X.
.X.X
4
..X.
XX..
XXX.
XX.X
4
.XXX
X.XX
.XXX
XX.X
4
X...
.X.X
X..X
.X..
4
X.X.
....
XXX.
XXXX
4
.X..
....
X..X
...X
4
....
X..X
....
XXX.
4
.X..
XX..
X..X
X..X
4
.X.X
..X.
XX..
X...
4
X..X
X.X.
X.XX
X.X.
4
XX.X
XX.X
....
X.X.
4
X...
.XXX
...X
....
4
XXX.
....
...X
X.XX
4
.XX.
.XXX
.X..
...X
4
....
XXX.
XXX.
X.XX
4
.XX.
X.X.
..XX
X...
4
...X
X.XX
.XXX
..XX
4
X.X.
X..X
X..X
X..X
4
.X..
..XX
.XXX
XX..
4
X...
X.XX
XXX.
XX..
4
XXX.
XXXX
XX.X
.XX.
4
XXXX
X...
.XX.
X.XX
4
X.X.
.X..
XX.X
..XX
4
X.X.
...X
...X
X.XX
4
X.X.
..X.
X..X
X.X.
4
X.XX
XXX.
X.X.
XXXX
4
XX..
XXXX
.X..
X.X.
4
XX.X
XX..
.XX.
XX..
4
XXXX
XXX.
.XXX
.X..
4
XXXX
XXX.
XX..
XXX.
4
X.X.
X..X
..XX
XX.X
4
XX.X
XXX.
..XX
XXXX
4
X.X.
X.X.
..XX
...X
4
XX..
.XXX
X..X
.XX.
4
....
.X.X
.X.X
.X..
4
XXXX
X...
...X
..X.
4
.XX.
...X
.X.X
X.XX
4
.XX.
..X.
XXX.
X...
4
.X..
...X
.XX.
.X.X
4
..XX
.XXX
...X
....
4
X..X
..XX
.X.X
XXX.
4
XX.X
X.XX
XX..
....
4
XXX.
.X.X
XXX.
...X
4
X..X
X.XX
....
....
4
..XX
...X
XXX.
...X
4
.X..
....
..XX
XXX.
4
.XXX
....
X.X.
..X.
4
....
X.X.
X.XX
XX..
4
XX..
X...
....
.X.X
4
X...
..X.
.XX.
..XX
4
...X
XXXX
.XX.
XX.X
4
.XXX
..XX
.XXX
XXX.
4
...X
XXX.
XXXX
X...
4
.X.X
...X
X...
....
4
X...
X.X.
X.X.
..XX
4
X..X
.XXX
X..X
.XXX
4
..XX
.XXX
.X..
.X..
4
...X
XX..
XX.X
.X..
4
XXXX
...X
XX..
X...
4
X...
....
XXXX
.X.X
4
.XXX
XXXX
XX..
X...
4
.X.X
....
..XX
.X.X
4
X..X
.X.X
.XX.
.X..
4
X.X.
..XX
..XX
XXXX
4
.XXX
X..X
XX.X
.XXX
4
XXXX
.X.X
.XX.
XX.X
4
X.X.
X.XX
....
X..X
4
..XX
XX..
....
XXX.
4
X..X
....
X...
.X.X
4
X...
X..X
...X
XXX.
4
.XX.
XXX.
.XXX
XX..
4
XXX.
..XX
...X
.X..
4
XX..
.XX.
X..X
..X.
4
.XXX
.X.X
X.XX
..XX
4
XXX.
X.XX
XXX.
X...
4
XX..
X.XX
X...
XX.X
4
.XX.
..X.
.XX.
.XXX
4
XXX.
X.XX
XX..
.X.X
4
.XXX
XXXX
X..X
X.XX
4
XX.X
.XXX
..XX
X...
4
.X..
X..X
X...
...X
4
...X
.X..
...X
XX..
4
X.XX
...X
....
..X.
4
.XX.
.XX.
XXXX
..X.
4
XX.X
.X.X
..X.
X...
4
....
.XXX
XXXX
XXXX
4
X.X.
.XXX
X.X.
X.X.
4
.X.X
.XXX
...X
.XXX
4
XXXX
.X..
XXXX
...X
4
...X
..XX
..X.
X.X.
4
XX.X
XX.X
X.XX
...X
4
..X.
...X
XXXX
...X
4
X.X.
.X..
X...
XXX.
4
.XX.
...X
.X..
XXXX
4
X.XX
X.X.
.X..
XXXX
4
.XXX
..XX
X.X.
X.XX
4
X...
X...
.X..
...X
4
.X.X
X...
...X
X.XX
4
X...
..XX
..X.
X.XX
4
.XX.
.X.X
X...
XXX.
4
....
X.XX
..X.
..XX
4
X.XX
XXXX
.XX.
.X.X
4
.X.X
....
...X
.XXX
4
X.XX
XXX.
X..X
....
4
.XXX
.X.X
X.X.
.X.X
4
XX.X
.XX.
.X..
XXX.
4
X...
.XXX
X..X
...X
4
..XX
.XX.
....
XX.X
4
XXX.
X.XX
X..X
..XX
4
.XXX
X..X
X.XX
....
4
.X.X
.XXX
.X.X
X..X
4
XX..
..XX
..X.
X...
4
X.XX
X..X
.XXX
X.XX
4
..XX
XXXX
.XX.
.XXX
4
X..X
XXXX
....
X.XX
4
..XX
XXX.
XXXX
.XXX
4
....
.X.X
X...
XXX.
4
X.X.
XX..
X...
.X.X
4
X.XX
X..X
.X..
...X
4
....
X.X.
...X
..X.
4
....
.X.X
..XX
.XXX
4
X.XX
X..X
.X.X
X..X
4
X.XX
..XX
X.XX
X.X.
4
.XXX
XX.X
.XXX
.X.X
4
.X.X
.X.X
..XX
X...
4
XX..
XXXX
..XX
....
4
X..X
.X..
X..X
.XX.
4
..X.
XXX.
..X.
.XX.
4
.X..
X..X
..X.
XX.X
4
XX.X
X.X.
XXX.
....
4
X..X
XX.X
.XXX
..X.
4
XXXX
...X
....
X.XX
4
XX..
X.X.
.XXX
.XXX
4
..XX
.X..
...X
XXX.
4
.XXX
XX..
X...
.XXX
4
X.X.
XXX.
...X
...X
4
X.XX
.X..
.XX.
...X
4
XXXX
XX..
..XX
.X..
4
X.XX
X..X
X.XX
..XX
4
.XX.
.XX.
....
X..X
4
...X
X.X.
...X
.X..
4
...X
.XX.
.X.X
X.X.
4
..X.
X..X
.XX.
....
4
X..X
X...
X.X.
.X.X
4
.XX.
X.X.
XXX.
XX.X
4
X..X
XX..
X..X
XX.X
4
X.X.
..XX
XXXX
X.X.
4
XX.X
X.X.
.XXX
.XXX
4
X..X
.X..
.X.X
X.XX
4
X...
XXX.
.XXX
.XX.
4
XX.X
.XXX
.X.X
XX..
4
XX.X
XXX.
X..X
.X..
4
XX.X
.X..
X...
...X
4
XX..
X...
..X.
..X.
4
X.X.
.XXX
XX..
..XX
4
..X.
X...
XXXX
.X..
4
X..X
.X..
XXX.
...X
4
X...
XX..
XX..
..XX
4
XX..
X...
X.XX
..XX
4
X...
X...
..X.
.X..
4
XX.X
X.X.
X.XX
X.X.
4
X.XX
.X.X
X...
X.XX
4
XXXX
..XX
XX.X
X.XX
4
X...
..X.
....
XXXX
4
X..X
X.XX
XXXX
X...
4
X..X
...X
XXX.
....
4
...X
..X.
XXX.
X.X.
4
.X.X
..XX
...X
.XXX
4
.XX.
.X.X
XX.X
X.XX
4
..X.
X.XX
.X..
X.XX
4
X..X
.XXX
XXX.
X.X.
4
XXXX
X..X
X...
XX..
4
XX..
X..X
XXX.
X...
4
X.XX
XX..
..X.
...X
4
....
.X.X
..X.
XXXX
4
.XX.
XX..
..X.
..XX
4
..X.
X.XX
....
X...
4
XX.X
..X.
XXX.
X.X.
4
XXX.
XX.X
XXXX
....
4
X...
.X.X
XXXX
..XX
4
.X.X
.XXX
X.X.
.X.X
4
....
...X
....
X.XX
4
XXXX
.XXX
..XX
XXXX
4
X.X.
.XXX
...X
.X..
4
.X.X
XXXX
XX..
XX.X
4
.XX.
.XX.
XX.X
XX..
4
X...
XX.X
XX..
.XX.
4
XXXX
..X.
XXXX
..X.
4
....
.XXX
.X..
.XXX
4
..X.
.XX.
X.XX
X..X
4
XXX.
.XX.
XXXX
X..X
4
XX.X
X...
X.X.
....
4
....
XXXX
.X.X
XXX.
4
...X
.XXX
XXXX
.XX.
4
XX.X
XXXX
X...
X...
4
.X.X
XXX.
X...
XXXX
4
.XX.
X...
....
XX..
4
X.XX
X.XX
X..X
..XX
4
....
XXX.
XXX.
...X
4
...X
..XX
X..X
X.XX
4
X.XX
XXX.
....
XX.X
4
....
....
X.XX
X...
4
X.XX
X.XX
XX..
.XXX
4
X..X
XX.X
....
XXX.
4
....
X...
XXX.
XXX.
4
X.XX
XX.X
.X.X
XXX.
4
..X.
X.XX
...X
XXX.
4
..XX
...X
..X.
..XX
4
X.XX
XXX.
X..X
XXX.
4
.XXX
X.XX
X..X
...X
4
XX..
..XX
X...
X..X
4
...X
.X.X
XXXX
X.X.
4
X.X.
.XX.
..X.
..XX
4
.XX.
..XX
.XXX
...X
4
XX..
X..X
..X.
.XXX
4
X.XX
..XX
...X
X...
4
X...
XXX.
.XXX
X.XX
4
XXX.
.X.X
X.X.
.XXX
4
XXX.
..XX
XXX.
XX..
4
X...
.XX.
.XXX
XXX.
4
XX.X
.XX.
X..X
..XX
4
X...
...X
XX..
.XX.
4
XX..
X.X.
XX..
....
4
....
.X.X
..X.
.X.X
4
XX..
XX..
XX..
.X..
4
..XX
XX..
....
XX..
4
XXXX
...X
X.X.
...X
4
...X
X.XX
....
..X.
4
XXX.
XX.X
X...
XXX.
4
.X.X
....
XXX.
X...
4
..X.
....
X..X
....
4
XX..
XXXX
...X
X.X.
4
..XX
XXXX
X.X.
X..X
4
X.X.
..X.
XX..
..X.
4
XXX.
.X.X
...X
.X..
4
.X..
XX..
....
..X.
4
X..X
XX..
...X
X...
4
...X
..XX
X.X.
XX..
4
..X.
.X.X
.X.X
.XXX
4
X.XX
...X
X.X.
.XX.
4
.X..
XX.X
XX.X
..X.
4
XX..
XX.X
.XX.
X.X.
4
XXXX
X.XX
X...
....
4
.X..
X...
.XXX
XXX.
4
.XXX
..XX
.X.X
.XXX
4
XX..
X...
X...
XXX.
4
XXX.
.X.X
.X..
XXX.
4
.XX.
X...
X..X
XX.X
4
.XXX
XXX.
X.XX
XXX.
4
XX..
X.XX
XX.X
XX..
4
.X.X
XXXX
..XX
.X.X
4
...X
X.XX
.XXX
XXX.
4
..XX
..XX
..XX
.X.X
4
X.X.
X.X.
..XX
XXXX
4
XXXX
....
X.X.
..XX
4
.X.X
...X
..X.
.X.X
4
..XX
XX.X
..XX
..X.
4
X.X.
X.XX
.XXX
X.XX
4
XXX.
XXXX
XXX.
X.XX
4
..X.
..XX
....
..X.
4
..XX
XXX.
.XXX
X...
4
.X..
.XX.
....
.XX.
4
....
XXX.
X..X
X.XX
4
XX.X
X...
...X
XXX.
4
XX..
XXX.
.XXX
XXX.
4
..X.
XXXX
X.X.
XX.X
4
.X..
X.XX
..XX
XX.X
4
...X
....
X...
.XXX
4
.XX.
XXXX
X...
....
4
.XX.
....
XX.X
.XXX
4
.X.X
X..X
.XXX
XX.X
4
XXX.
XX..
....
X.X.
4
X...
XX..
.XX.
.X..
4
XXX.
.XX.
...X
.X..
4
XX.X
.X.X
XXXX
..XX
4
X.XX
XX..
.XXX
X.X.
4
XXXX
....
XX.X
X..X
4
.XXX
XX.X
XXXX
XX.X
4
X.X.
X.XX
.X.X
XX.X
4
....
XX..
...X
XX.X
4
..XX
XX.X
....
.X..
4
.XX.
X...
..X.
X...
4
.XXX
...X
...X
.X..
4
.X.X
X.XX
XXXX
X.XX
4
.XX.
....
.XX.
X.XX
4
.XXX
X...
.X..
...X
4
X.XX
XXX.
X.XX
X.X.
4
.XX.
X...
X...
X..X
4
X.X.
XX..
X.XX
.XX.
4
XX..
...X
....
....
4
X...
..X.
XX.X
..X.
4
XXXX
.XXX
X...
.XX.
4
XXX.
XXXX
XXX.
.X..
4
XXX.
XX.X
.XXX
XX.X
4
XXXX
..X.
XXX.
..X.
4
X.X.
X...
X..X
X.X.
4
...X
XX.X
.X.X
..X.
4
.X..
.X.X
.X.X
.XX.
4
.XX.
.XXX
.XXX
.XXX
4
....
...X
X...
.XXX
4
X.XX
XXX.
.X..
.XXX
4
XX..
XXX.
X.X.
X...
4
XXXX
.XXX
X.X.
XX..
4
...X
XX..
....
X.X.
4
.X.X
XX.X
X.X.
..X.
4
..X.
.X..
.XX.
XXXX
4
X.XX
X.X.
XXXX
XXX.
4
XXX.
.X.X
XXXX
X.X.
4
..X.
...X
..X.
XX..
4
.XXX
.XXX
X...
.XXX
4
...X
.X.X
X.XX
.X..
4
XX.X
...X
...X
X..X
4
X.X.
XX..
XX.X
..X.
4
....
..XX
.X.X
..XX
4
.XXX
XXXX
.X..
XXXX
4
X...
.XX.
.XXX
XXXX
4
XXXX
...X
XX..
XXX.
4
.X.X
.X.X
...X
..X.
4
...X
..X.
.X.X
..XX
4
X.X.
XX..
....
X..X
4
.XX.
XXXX
XX..
...X
4
.XX.
....
XXXX
X.X.
4
X.X.
XX..
X.XX
.XXX
4
X.X.
XXX.
X...
..XX
4
.X.X
XXX.
X...
..XX
4
.X..
XXXX
....
.XX.
4
XXXX
X...
.XX.
X.X.
4
.XXX
.X.X
....
X.XX
4
XX.X
X...
X...
.X..
4
XXXX
..X.
..X.
XX..
4
.X.X
XX.X
.X..
.XX.
4
XXXX
XX.X
....
..XX
4
.XXX
XXXX
XXXX
..XX
4
.X..
XX.X
.X.X
..X.
4
XX.X
X..X
X...
.XXX
4
.X..
....
XX..
XXXX
4
XX..
XXX.
...X
X.XX
4
....
X.XX
X.XX
XXX.
4
X.X.
.XX.
...X
.X..
4
XXX.
...X
.XXX
XXXX
4
XX.X
....
X.X.
XXX.
4
X..X
....
.XXX
X...
4
..XX
X..X
X.XX
XXXX
4
XX..
...X
X...
....
4
.XXX
X..X
.XXX
.XX.
4
X..X
.X.X
..X.
XX..
4
....
..XX
.XX.
.XX.
4
XXXX
.XX.
.XXX
XXXX
4
..X.
..X.
...X
X...
4
XXXX
XXXX
XXX.
X..X
4
..X.
XX..
.X..
X..X
4
XXXX
.XXX
.X..
XX..
4
..XX
XXX.
.X..
XX.X
4
XXX.
XXX.
X...
.X.X
4
X..X
..X.
..X.
XX..
4
.XXX
X.X.
....
...X
4
X..X
XX.X
...X
.XXX
4
....
..X.
XXXX
..X.
4
XX.X
.XX.
...X
X..X
4
..XX
...X
....
.XXX
4
.X..
X.XX
..X.
..X.
4
XX.X
X...
.X.X
X.XX
4
...X
..XX
....
XXXX
4
X.XX
X..X
X...
X.X.
4
XXX.
XX..
..XX
.X.X
4
.XX.
.XX.
..X.
X..X
4
XX..
XX.X
XX.X
XXX.
4
.X.X
.XXX
.X..
XXXX
4
....
XXXX
XX..
XX.X
4
X.X.
X..X
XX.X
....
4
X...
X...
....
.X.X
4
..XX
....
.XXX
...X
4
X...
..XX
.X.X
X...
4
X.XX
X.X.
....
..XX
4
...X
.XXX
XX..
.XX.
4
X..X
XX.X
....
.X..
4
X..X
X.X.
..X.
....
4
..XX
XX..
XX.X
.XXX
4
..X.
XX.X
..XX
XX..
4
XXX.
X..X
XXXX
..X.
4
XXX.
..XX
X.X.
.X..
4
.XXX
X...
X...
.XXX
4
....
..X.
..X.
X...
4
..X.
..XX
XX..
X...
4
X...
XXX.
X.XX
X.XX
4
XX..
.X.X
XXXX
.XX.
4
X.XX
..X.
.X..
.X.X
4
.X..
.X.X
X...
XX.X
4
.X..
XX.X
XXXX
X..X
4
X.X.
....
X...
X..X
4
X.XX
X.X.
...X
....
4
X...
X...
X...
.XXX
4
X.XX
X.X.
XXXX
X.X.
4
.X.X
X.XX
X.X.
....
4
..XX
XXXX
..XX
.X..
4
.XX.
..X.
X...
XXX.
4
...X
XX.X
....
X.XX
4
X...
....
.X.X
XXX.
4
X.X.
.XXX
XXXX
..XX
4
X.XX
.XXX
.X..
X.XX
4
XXXX
XXX.
.XX.
X..X
4
....
..X.
X.X.
X.XX
4
X.X.
.X..
.XX.
XX..
4
.X..
XXX.
XXXX
...X
4
....
..X.
XX..
.X..
4
...X
X..X
.XXX
X..X
4
.X..
X..X
XXX.
..X.
4
.XX.
XX..
....
....
4
.X..
X.XX
X.X.
XX.X
4
...X
X.X.
X.X.
XX.X
4
....
..XX
...X
XX.X
4
..XX
XX.X
.XXX
..X.
4
...X
..X.
.XX.
.XX.
4
...X
..X.
XXXX
XX..
4
.XX.
XXX.
..X.
.XXX
4
.X.X
XXX.
.X..
X...
4
.X..
XX.X
..XX
XX.X
4
..XX
..XX
....
XX..
4
XXXX
XX..
.X.X
.XXX
4
....
.X.X
X...
X...
4
X..X
XX..
.XX.
XXXX
4
X...
XXXX
XXXX
.XX.
4
X...
.X..
..XX
XXXX
4
XX.X
XX..
....
..XX
4
.XX.
X.XX
....
XX.X
4
..XX
.X.X
XX.X
XX.X
4
...X
...X
XXXX
X..X
4
.XXX
.XX.
....
X.X.
4
XX.X
XX..
XX..
XXXX
4
X.X.
X..X
X.X.
.XXX
4
X...
X..X
X.X.
...X
4
XXX.
X.X.
XX..
.XX.
4
..X.
XX.X
..XX
XXXX
4
.X.X
.XXX
.X.X
.X..
4
.X.X
X.X.
.XXX
.XXX
4
X..X
X.X.
.XXX
.X..
4
XX.X
..XX
X.X.
..X.
4
X...
.XXX
X...
XXX.
4
.XX.
.X.X
X.XX
X..X
4
..XX
....
X...
...X
4
XX.X
X.X.
.X.X
X.XX
4
XX.X
...X
XX.X
X.X.
4
...X
X.XX
XX.X
....
4
.X.X
XX..
.XXX
.XX.
4
X...
...X
XX.X
....
4
X.X.
...X
....
.XXX
4
.XXX
....
.X.X
XXX.
4
.X..
XXX.
.X..
.X.X
4
X..X
XX..
XX..
.X.X
4
...X
X...
.XXX
..XX
4
.X..
....
..XX
XXX.
4
XX.X
X...
....
X...
4
...X
XXXX
X...
XXXX
4
..XX
XX..
....
XX.X
4
X.X.
X.X.
.XX.
XXX.
4
....
.X.X
....
.XX.
4
..X.
X...
X...
X..X
4
X..X
.XX.
X.X.
.XXX
4
..X.
XXXX
XX..
X.XX
4
....
X.XX
X...
X.X.
4
X...
XXXX
.XXX
X..X
4
..XX
XXXX
XX.X
X..X
4
X.XX
.X.X
X...
X...
4
..XX
XXX.
.X..
.X..
4
X.X.
X...
X..X
...X
4
XXXX
XX.X
..X.
.XX.
4
.X.X
.X..
...X
XXX.
4
X...
..XX
.XXX
....
4
..X.
....
..XX
.XXX
4
XXX.
XXX.
XXXX
.X.X
4
.X..
XXXX
X..X
....
4
X.XX
.XXX
....
.XXX
4
....
X..X
XX.X
XX.X
4
XXXX
..XX
..X.
...X
4
.XXX
.X.X
XXX.
X.XX
4
X...
....
XXXX
..XX
4
.X..
....
X..X
.X.X
4
X...
XXXX
.XXX
....
4
.X.X
XXX.
.X.X
XXXX
4
X..X
..X.
XX..
..XX
4
.X..
X..X
.X.X
..XX
4
X..X
X.X.
....
X...
4
.XX.
XXX.
..XX
.XXX
4
X...
XX..
X...
XX..
4
XXX.
XXX.
...X
X...
4
.XXX
.XX.
.XXX
.XXX
4
X.X.
.XX.
.X..
.XX.
4
.X.X
..XX
X...
.X..
4
X.XX
X..X
XXXX
XXXX
4
..XX
X.XX
.X.X
XX..
4
.X..
..XX
X...
..X.
4
XX.X
X.XX
X...
XXXX
4
...X
XXX.
X.X.
.X..
4
X..X
.X..
X.X.
..X.
4
X..X
X.XX
XX..
..XX
4
..X.
.XXX
.X..
....
4
.XXX
X.XX
.X..
.X..
4
XX.X
X.X.
.X.X
XX.X
4
.XXX
X...
....
XX.X
4
XXX.
.XXX
XXX.
....
4
XXX.
.X.X
XXXX
X..X
4
.X..
X...
X..X
X...
4
.XXX
...X
.X..
..XX
4
XXX.
.XXX
....
X.XX
4
XX..
X...
..X.
.X.X
4
.X..
XX..
.X..
X.XX
4
.X.X
X.XX
X...
X.X.
4
X..X
....
.XX.
...X
4
X..X
.X.X
..X.
X.XX
4
....
XX..
....
X.X.
4
.XXX
.XX.
X.X.
.X.X
4
XXXX
..XX
.X..
..XX
4
XX..
X.X.
X.XX
.XX.
4
..XX
.X.X
XXXX
.X..
4
.X..
....
.X..
XX..
4
.XXX
.X.X
X..X
.X..
4
..XX
X.XX
.XX.
.X..
4
XX.X
...X
....
....
4
XX.X
X...
X..X
XX.X
4
.XX.
XXXX
....
X...
4
.X..
X...
.XXX
...X
4
..X.
X..X
..X.
X.XX
4
.X..
XX.X
X.X.
X.XX
4
X...
.XX.
...X
...X
4
XX.X
X.XX
....
.XX.
4
X.XX
.XX.
.X.X
X..X
4
XX.X
.X.X
.XXX
..X.
4
.X.X
..XX
XX..
.X..
4
X...
X.X.
XXX.
..X.
4
.X.X
....
X.X.
..X.
4
....
..X.
XXX.
.X.X
4
..XX
XXX.
.XX.
XX.X
4
.XXX
.XX.
.X..
XXXX
4
.X..
..XX
.XX.
..X.
4
..XX
XX.X
.XX.
X.X.
4
...X
X.X.
X...
X.X.
4
..XX
X..X
X.XX
..XX
4
XXX.
.XX.
..XX
.X..
4
.XX.
.XXX
X..X
...X
4
XX..
XX.X
.XX.
XX.X
4
..X.
.XXX
XXX.
XXXX
4
.XX.
...X
XXXX
...X
4
....
X...
X.X.
XX..
4
..X.
XXXX
.X..
.XX.
4
..XX
X.XX
X.X.
....
4
...X
.X..
X...
.XXX
4
...X
XX..
XX..
X..X
4
.XX.
...X
...X
...X
4
.XXX
X...
XXX.
..X.
4
.XXX
X.XX
XXXX
X.XX
4
XXXX
.XX.
X.XX
XX..
4
X.X.
XXX.
....
XX.X
4
X...
X.X.
X...
.X.X
4
XX..
..X.
.X.X
...X
4
.XXX
..XX
XXXX
X...
4
..X.
.XX.
X..X
...X
4
..X.
X...
XX.X
....
4
.XXX
X..X
..X.
XXXX
4
XXX.
X..X
...X
X.XX
4
X...
X.X.
.X.X
.X.X
4
XX..
X.XX
..XX
XXX.
4
..XX
..XX
XX.X
X..X
4
..X.
XX..
XXX.
X...
4
.XX.
X.X.
.XX.
XX.X
4
X.X.
.XXX
X...
X.XX
4
XXX.
...X
...X
X..X
4
...X
..XX
..X.
..X.
4
.X..
XXX.
....
XXX.
4
X.X.
X.X.
XX.X
.XX.
4
X.X.
.X.X
XX..
XX.X
4
.XX.
X..X
XXXX
X..X
4
..XX
X..X
XXX.
X..X
4
XXX.
.XX.
.X.X
X..X
4
XX..
..XX
X...
XX..
4
....
.XX.
XX.X
.XXX
4
..XX
X...
XX.X
X.X.
4
XXX.
X.X.
.XX.
XXX.
4
XXXX
X.X.
XXXX
XX..
4
..XX
..X.
X.XX
..X.
4
..X.
...X
X..X
.X.X
4
XXX.
X..X
...X
.X..
4
.X.X
X.X.
X...
...X
4
XX.X
.XX.
XXX.
.XXX
4
XXXX
..X.
X...
XX.X
4
.X.X
X.XX
....
..X.
4
XXX.
.X..
X.X.
X.X.
4
.X.X
..X.
XX.X
...X
4
.XXX
X.XX
X..X
.X..
4
XXXX
X..X
XXXX
.X..
4
.X.X
..XX
.X.X
.X..
4
XX..
.XXX
....
...X
4
XX..
XX..
.X.X
X..X
4
.X.X
....
X...
XX..
4
X...
XX.X
X.X.
..XX
4
....
....
X..X
X.XX
4
XXXX
.X.X
XXX.
X..X
4
.XX.
.XX.
..XX
...X
4
....
XXX.
.XX.
XXX.
4
..X.
XX.X
...X
X..X
4
.X.X
.XXX
....
X.X.
4
.XX.
X.XX
.X..
....
4
....
X..X
X.XX
X.XX
4
....
.XX.
XXX.
....
4
.XX.
..X.
.XX.
X...
4
..XX
.XXX
X...
.XXX
4
.XX.
X...
XXXX
.XX.
4
..X.
X.X.
XX.X
.XX.
4
.XX.
X...
.X.X
X.X.
4
..X.
...X
XX.X
X.X.
4
XXX.
X..X
...X
..XX
4
...X
XX..
X.XX
X.X.
4
XX.X
XXX.
X..X
.X.X
4
...X
X...
X..X
X...
4
X..X
.X..
XXXX
XXX.
4
XX..
X...
XX..
XXX.
4
..X.
..XX
....
X..X
4
XX..
XXX.
XXXX
XXX.
4
.XX.
XXXX
XX.X
.X.X
4
X.XX
XX..
X...
X.X.
4
X.X.
XX.X
...X
....
4
.XXX
X...
..X.
X.X.
4
XXX.
....
X.XX
XXXX
4
XXX.
X..X
.XX.
X...
4
.X.X
....
XX.X
XX.X
4
X...
...X
XX..
X.X.
4
..X.
.X..
.X.X
.X..
4
....
XXX.
X.XX
..X.
4
X...
.X.X
.XX.
XX..
4
X..X
.X.X
.XX.
.X..
4
..XX
XX.X
X..X
.X..
4
....
...X
.X.X
X...
4
X.XX
..XX
X...
X.X.
4
..XX
XX..
X.X.
XXX.
4
..X.
X.X.
XX..
....
4
X.XX
X.X.
....
..XX
4
XXX.
.XX.
.XX.
XX..
4
.XX.
.X..
....
.XX.
4
.XXX
XXX.
....
...X
4
.X..
.X..
X.XX
X.XX
4
X..X
.X.X
.X.X
XXXX
4
X.XX
....
...X
XX..
4
.X..
..XX
.XX.
X..X
4
..X.
....
XX..
X.XX
4
X...
X.X.
...X
....
4
XX.X
X.XX
.XX.
XXXX
4
X.X.
XXXX
....
.X.X
4
X.X.
.XX.
X...
..X.
4
.X.X
XXXX
....
....
4
....
XX.X
.XX.
XX..
4
XX..
XX.X
X.X.
.XXX
4
X.X.
..X.
..X.
..X.
4
XXXX
XX.X
X..X
....
4
X.X.
X.XX
X...
XXXX
4
.X..
XX.X
XX..
...X
4
X.XX
...X
.XXX
XX.X
4
..X.
...X
.X.X
XX..
4
.X..
....
.XXX
XXXX
4
..X.
..X.
..X.
XX.X
4
.XXX
....
XXX.
X..X
4
.X.X
X...
.XX.
XXX.
4
....
.X..
XX..
..X.
4
X.XX
.XXX
XXX.
XXXX
4
.XX.
XXX.
.XX.
.XXX
4
XXX.
X.XX
....
.XXX
4
X...
XX.X
..XX
X.X.
4
X...
.X.X
..XX
X.XX
4
X..X
.X..
....
XXX.
4
X.XX
X.XX
XXX.
.X..
4
XXX.
.X.X
.XXX
....
4
X..X
.X.X
.XXX
X.X.
4
XXXX
X.XX
X.X.
...X
4
XX.X
...X
XX.X
XXXX
4
.X..
...X
X.X.
...X
4
XXX.
.X..
...X
..X.
4
.XX.
X.X.
XX..
....
4
...X
..XX
X..X
XXX.
4
....
X.X.
XXX.
X.XX
4
....
X..X
.X.X
...X
4
....
X.XX
X.XX
...X
4
.X..
X...
X...
.X..
4
XXXX
XX..
....
X.X.
4
X.XX
....
.XXX
XX..
4
X...
XXX.
.XXX
.XXX
4
XX..
....
X..X
XX.X
4
.X.X
X.X.
.X.X
X..X
4
....
XXXX
X.XX
X.X.
4
...X
XXX.
...X
.XX.
4
XXXX
XX.X
.X.X
X...
4
X.XX
..X.
X.XX
...X
4
XX..
X..X
.X.X
..XX
4
.X.X
XX..
XX..
X..X
4
...X
XX..
XXX.
..X.
4
XX..
.X..
...X
.X..
4
X..X
..X.
X..X
....
4
XXXX
....
X.X.
XXX.
4
..XX
XX..
....
.XXX
4
.X..
XX..
XX.X
XX..
4
XX.X
.XXX
.X..
.X.X
4
X.XX
X...
.XXX
.X.X
4
.X..
X.XX
.XX.
...X
4
...X
.X..
XXXX
.X..
4
X.XX
.XXX
....
....
4
XX.X
.XXX
.X..
....
4
.X..
X...
.X.X
X.XX
4
X...
..X.
.XXX
..XX
4
X.X.
XXX.
XXX.
.X.X
4
.X..
.X..
XXX.
X..X
4
.X..
.XXX
X..X
XXX.
4
X..X
X.XX
...X
...X
4
X...
..X.
..XX
X.X.
4
..XX
.X.X
.X.X
X...
4
X...
X...
....
....
4
..X.
XX.X
X..X
XXX.
4
...X
X.X.
...X
..XX
4
XXX.
....
.X.X
XX..
4
....
.X..
...X
XX.X
4
X..X
X..X
X.X.
.XXX
4
X.X.
....
.X..
X..X
4
..XX
....
X..X
XXXX
4
X.X.
XX..
XX.X
X...
4
..X.
..XX
....
.X.X
4
XXX.
X.X.
X.X.
X...
4
.XXX
..X.
...X
....
4
....
.X..
.XX.
.XX.
4
X..X
.XXX
X.XX
X...
4
..XX
X...
..X.
..X.
4
XX.X
X...
X..X
XXX.
4
..X.
....
X...
..XX
4
X..X
XXXX
.X..
....
4
.XXX
XX..
.XXX
.XX.
4
XXX.
..X.
.XXX
.X.X
4
...X
.XX.
.XX.
.X.X
4
XX..
.XXX
....
X.X.
4
..XX
X.X.
XXXX
XXXX
4
XX.X
X..X
.X.X
X..X
4
...X
XX..
.X.X
.XXX
4
XX.X
..XX
.X.X
.X.X
4
....
XXXX
X..X
XXXX
4
.XXX
X...
..XX
..X.
4
X.XX
XXX.
...X
X.XX
4
.X.X
X...
....
.XXX
4
XXX.
...X
XX..
...X
4
..XX
X.XX
.X..
..XX
4
XXXX
.X.X
....
...X
4
X.X.
XXX.
.X.X
...X
4
...X
XX.X
.XX.
X.X.
4
XX.X
XX..
...X
.X.X
4
.X.X
XX.X
X..X
X..X
4
....
X...
..X.
.XXX
4
X...
..X.
..XX
.X.X
4
....
XX..
XXX.
XX.X
4
X..X
....
XX.X
.X.X
4
XXX.
.XX.
XX..
..XX
4
.X..
.X..
XX.X
..XX
4
.XX.
XX..
..XX
X.XX
4
XXXX
...X
.XX.
.XXX
4
..X.
.XX.
.XX.
XXX.
4
.X.X
XXXX
.X.X
X..X
4
XXXX
.XX.
XX.X
.X.X
4
.X.X
...X
....
.XX.
4
.X..
XXX.
..XX
..XX
4
XX.X
X.X.
X...
XX.X
4
XX..
XX..
....
XX..
4
....
.XX.
XXX.
.X.X
4
....
.XX.
X...
XX..
4
X..X
....
X...
XX..
4
X.X.
.X.X
..XX
..X.
4
XXX.
.X..
XX.X
.XX.
4
.X..
.XX.
X...
...X
4
..X.
...X
XXX.
.X..
4
.X.X
.XX.
...X
..X.
4
XXXX
X.X.
X..X
XXXX
4
X.X.
XX.X
XXX.
..XX
4
.X..
XXXX
X.XX
XXXX
4
.X.X
.XXX
..X.
..X.
4
..X.
...X
X...
.XXX
4
.XXX
XXXX
XXX.
.X.X
4
X.XX
.XX.
X..X
.X..
4
XX.X
..X.
..X.
.XX.
4
X...
X..X
X..X
XX.X
4
XX.X
XX.X
.X.X
...X
4
..X.
X..X
.X..
XXX.
4
.X..
..X.
XXX.
.X..
4
.X.X
.XXX
.X.X
..XX
4
..XX
.X.X
.XXX
XX.X
4
XX.X
.XXX
X.X.
.X.X
4
....
XX..
.XX.
.XX.
4
X.X.
...X
XXX.
..XX
4
XXX.
..XX
XX..
X.X.
4
XX.X
.X.X
..X.
.XX.
4
X..X
X.X.
XXXX
XX..
4
X...
XX.X
...X
.X..
4
XX..
XXXX
X.XX
.X.X
4
XX.X
..XX
XXXX
..X.
4
XXX.
....
....
.XXX
4
XXXX
X.X.
.XX.
....
4
X..X
..XX
.XXX
X..X
4
XXX.
.XXX
XXXX
.XXX
4
X...
.XXX
..X.
X.XX
4
X.XX
..XX
XX.X
....
4
X.XX
.X.X
..X.
XXXX
4
X..X
X.X.
...X
X.XX
4
..XX
X...
.X..
XXXX
4
XXX.
.XXX
X..X
XXXX
4
.XXX
XXX.
.XXX
.X..
4
.XXX
XXX.
XX..
XX..
4
.XX.
X..X
..XX
X.X.
4
..XX
X..X
...X
X.XX
4
X...
XXX.
..X.
..XX
4
...X
.X..
XXX.
.XXX
4
XXXX
XX..
.X..
XXX.
4
XXXX
..X.
...X
XX..
4
...X
XXX.
XX.X
.X..
4
.XXX
XXXX
X.XX
...X
4
.XX.
XXX.
X..X
XX.X
4
....
.XXX
XX.X
..XX
4
XX..
.X..
..XX
XX..
4
X.XX
XX.X
.X.X
XXX.
4
X.X.
..X.
.X..
.X.X
4
.XXX
XXX.
.XX.
XXXX
4
..XX
....
X..X
...X
4
.XX.
.XX.
XX.X
XXXX
4
X...
.X..
X.X.
.XXX
4
XX..
XX..
X..X
X...
4
..XX
XX.X
.X..
...X
4
..XX
.X.X
X...
X...
4
XX..
XXX.
XXXX
XXX.
4
X.XX
XX.X
.XX.
XXX.
4
.XX.
....
XXX.
.XXX
4
.X..
XX..
...X
X..X
4
X.X.
X..X
.X..
X..X
4
X.X.
XXXX
.X.X
.X..
4
.XXX
.X..
XXXX
X.X.
4
XX.X
XX.X
.XX.
..XX
4
X.X.
.X..
.XX.
.X..
4
..XX
.X.X
...X
..X.
4
XXXX
XXXX
X.XX
X...
4
XXXX
....
..XX
.XXX
4
.X..
.X.X
.X.X
...X
4
.XX.
XX..
...X
X.XX
4
XX..
XX.X
X..X
XX.X
4
.XXX
X.XX
X..X
XX..
4
X...
....
XX.X
.XXX
4
XXX.
.XX.
X..X
..X.
4
.XX.
XXX.
..X.
X.X.
4
XX.X
.XX.
XX..
..X.
4
.X.X
....
X..X
.XX.
4
XX.X
X.X.
XX.X
.XXX
4
.X.X
.X.X
X...
X.X.
4
...X
X...
..XX
.X.X
4
X..X
XX..
....
XX.X
4
.X.X
X.X.
.XX.
XXX.
4
XXX.
...X
..X.
.XXX
4
.X..
X...
X.X.
...X
4
X.X.
X.X.
X...
.XX.
4
.X.X
....
...X
XX.X
4
XXX.
XX..
XX..
XXXX
4
...X
XXX.
.XXX
..XX
4
X..X
....
XXXX
XX.X
4
.XX.
XX.X
XXX.
XXX.
4
X.X.
...X
X...
..XX
4
.X..
XXX.
.XX.
..X.
4
X.XX
.X.X
.X..
....
4
.X..
XXX.
XX.X
.X.X
4
X.X.
.XXX
.X.X
XX..
4
.XXX
.XXX
...X
.X..
4
X...
X.X.
..XX
.X.X
4
.X..
X..X
X..X
..X.
4
..X.
XXX.
....
XXX.
4
X..X
..XX
.X..
X...
4
.XX.
XXXX
.X..
X...
4
X..X
.X..
X..X
XXX.
4
.X.X
XX..
XX.X
XX.X
4
XXX.
X..X
.XX.
..X.
4
X.X.
X.X.
X.XX
XX..
4
..XX
X.XX
X..X
.XX.
4
XXXX
XXXX
X.X.
XX..
4
.XXX
....
X.XX
X...
4
.XXX
XXX.
XXX.
..XX
4
X.X.
XXX.
.X.X
X.X.
4
X..X
.XX.
.X.X
XXX.
4
...X
..X.
.X..
X.XX
4
X.XX
...X
..XX
.X..
4
....
..XX
XXX.
X.X.
4
.XX.
....
XXX.
..XX
4
X...
..XX
XX.X
..X.
4
XX..
.XX.
XX.X
X.X.
4
..X.
.XXX
...X
XX.X
4
..X.
X..X
..XX
X.XX
4
X.X.
XX..
....
.XX.
4
X.XX
XX..
X..X
.X.X
4
.XXX
....
.XX.
X.XX
4
.XXX
....
...X
...X
4
XXX.
...X
...X
XXXX
4
XX.X
X.XX
X.XX
XX.X
